// Jest Snapshot v1, https://goo.gl/fbAQLP

exports[`alert test suite matches snapshot alert 1`] = `
<div
  style={
    Object {
      "height": "50px",
    }
  }
>
  <div>
    <div
      className="alert alert-success alert-dismissible fade show"
      data-testid="alert"
      role="alert"
    >
      <strong>
        Success
        : 
      </strong>
       
      Displayed Successfully
    </div>
  </div>
</div>
`;
