// Jest Snapshot v1, https://goo.gl/fbAQLP

exports[`modal test suite matches snapshot modal 1`] = `null`;
